[INFO] Resolved bank output directory: ./data/template_banks_z1_Taman_faceon
[INFO] Chunking mcz across 81 chunks: running indices [6:7)
[INFO] [7/81] Building bank for mcz=8.0 Msun with omega 0.0-6.0 o61, theta 0.0-15.0 t151, gamma g51
Exception in thread Thread-1 (_handle_workers):
Traceback (most recent call last):
  File "/home1/10000/fairytien33/miniconda3/envs/fairytien_gw/lib/python3.12/threading.py", line 1073, in _bootstrap_inner
    self.run()
  File "/home1/10000/fairytien33/miniconda3/envs/fairytien_gw/lib/python3.12/threading.py", line 1010, in run
    self._target(*self._args, **self._kwargs)
  File "/home1/10000/fairytien33/miniconda3/envs/fairytien_gw/lib/python3.12/multiprocessing/pool.py", line 516, in _handle_workers
    cls._maintain_pool(ctx, Process, processes, pool, inqueue,
  File "/home1/10000/fairytien33/miniconda3/envs/fairytien_gw/lib/python3.12/multiprocessing/pool.py", line 340, in _maintain_pool
    Pool._repopulate_pool_static(ctx, Process, processes, pool,
  File "/home1/10000/fairytien33/miniconda3/envs/fairytien_gw/lib/python3.12/multiprocessing/pool.py", line 329, in _repopulate_pool_static
    w.start()
  File "/home1/10000/fairytien33/miniconda3/envs/fairytien_gw/lib/python3.12/multiprocessing/process.py", line 121, in start
    self._popen = self._Popen(self)
                  ^^^^^^^^^^^^^^^^^
  File "/home1/10000/fairytien33/miniconda3/envs/fairytien_gw/lib/python3.12/multiprocessing/context.py", line 282, in _Popen
    return Popen(process_obj)
           ^^^^^^^^^^^^^^^^^^
  File "/home1/10000/fairytien33/miniconda3/envs/fairytien_gw/lib/python3.12/multiprocessing/popen_fork.py", line 19, in __init__
    self._launch(process_obj)
  File "/home1/10000/fairytien33/miniconda3/envs/fairytien_gw/lib/python3.12/multiprocessing/popen_fork.py", line 66, in _launch
    self.pid = os.fork()
               ^^^^^^^^^
OSError: [Errno 12] Cannot allocate memory
slurmstepd: error: *** JOB 3059606 ON c314-074 CANCELLED AT 2026-04-03T12:38:36 DUE TO TIME LIMIT ***
