/work/10000/fairytien33/ls6/lensing_and_precession/modules/Classes_v3.py:23: FutureWarning: In the future `np.bool` will be defined as the corresponding NumPy scalar.
  if not hasattr(np, _name):
/work/10000/fairytien33/ls6/lensing_and_precession/modules/Classes_v3.py:23: FutureWarning: In the future `np.object` will be defined as the corresponding NumPy scalar.
  if not hasattr(np, _name):
Using 128 workers over a 401x101 grid
/work/10000/fairytien33/ls6/lensing_and_precession/modules/Classes_v2.py:501: ODEintWarning: Excess work done on this call (perhaps wrong Dfun type). Run with full_output = 1 to get quantitative information.
  integral = odeint(self.integrand_delta_phi, 0, f)
/work/10000/fairytien33/ls6/lensing_and_precession/modules/Classes_v2.py:501: ODEintWarning: Excess work done on this call (perhaps wrong Dfun type). Run with full_output = 1 to get quantitative information.
  integral = odeint(self.integrand_delta_phi, 0, f)
/work/10000/fairytien33/ls6/lensing_and_precession/modules/Classes_v2.py:501: ODEintWarning: Excess work done on this call (perhaps wrong Dfun type). Run with full_output = 1 to get quantitative information.
  integral = odeint(self.integrand_delta_phi, 0, f)
/work/10000/fairytien33/ls6/lensing_and_precession/modules/Classes_v2.py:501: ODEintWarning: Excess work done on this call (perhaps wrong Dfun type). Run with full_output = 1 to get quantitative information.
  integral = odeint(self.integrand_delta_phi, 0, f)
/work/10000/fairytien33/ls6/lensing_and_precession/modules/Classes_v2.py:501: ODEintWarning: Excess work done on this call (perhaps wrong Dfun type). Run with full_output = 1 to get quantitative information.
  integral = odeint(self.integrand_delta_phi, 0, f)
/work/10000/fairytien33/ls6/lensing_and_precession/modules/Classes_v2.py:501: ODEintWarning: Excess work done on this call (perhaps wrong Dfun type). Run with full_output = 1 to get quantitative information.
  integral = odeint(self.integrand_delta_phi, 0, f)
/work/10000/fairytien33/ls6/lensing_and_precession/modules/Classes_v2.py:501: ODEintWarning: Excess work done on this call (perhaps wrong Dfun type). Run with full_output = 1 to get quantitative information.
  integral = odeint(self.integrand_delta_phi, 0, f)
/work/10000/fairytien33/ls6/lensing_and_precession/modules/Classes_v2.py:501: ODEintWarning: Excess work done on this call (perhaps wrong Dfun type). Run with full_output = 1 to get quantitative information.
  integral = odeint(self.integrand_delta_phi, 0, f)
/work/10000/fairytien33/ls6/lensing_and_precession/modules/Classes_v2.py:501: ODEintWarning: Excess work done on this call (perhaps wrong Dfun type). Run with full_output = 1 to get quantitative information.
  integral = odeint(self.integrand_delta_phi, 0, f)
/work/10000/fairytien33/ls6/lensing_and_precession/modules/Classes_v2.py:501: ODEintWarning: Excess work done on this call (perhaps wrong Dfun type). Run with full_output = 1 to get quantitative information.
  integral = odeint(self.integrand_delta_phi, 0, f)
/work/10000/fairytien33/ls6/lensing_and_precession/modules/Classes_v2.py:501: ODEintWarning: Excess work done on this call (perhaps wrong Dfun type). Run with full_output = 1 to get quantitative information.
  integral = odeint(self.integrand_delta_phi, 0, f)
/work/10000/fairytien33/ls6/lensing_and_precession/modules/Classes_v2.py:501: ODEintWarning: Excess work done on this call (perhaps wrong Dfun type). Run with full_output = 1 to get quantitative information.
  integral = odeint(self.integrand_delta_phi, 0, f)
/work/10000/fairytien33/ls6/lensing_and_precession/modules/Classes_v2.py:501: ODEintWarning: Excess work done on this call (perhaps wrong Dfun type). Run with full_output = 1 to get quantitative information.
  integral = odeint(self.integrand_delta_phi, 0, f)
/work/10000/fairytien33/ls6/lensing_and_precession/modules/Classes_v2.py:501: ODEintWarning: Excess work done on this call (perhaps wrong Dfun type). Run with full_output = 1 to get quantitative information.
  integral = odeint(self.integrand_delta_phi, 0, f)
/work/10000/fairytien33/ls6/lensing_and_precession/modules/Classes_v2.py:501: ODEintWarning: Excess work done on this call (perhaps wrong Dfun type). Run with full_output = 1 to get quantitative information.
  integral = odeint(self.integrand_delta_phi, 0, f)
/work/10000/fairytien33/ls6/lensing_and_precession/modules/Classes_v2.py:501: ODEintWarning: Excess work done on this call (perhaps wrong Dfun type). Run with full_output = 1 to get quantitative information.
  integral = odeint(self.integrand_delta_phi, 0, f)
/work/10000/fairytien33/ls6/lensing_and_precession/modules/Classes_v2.py:501: ODEintWarning: Excess work done on this call (perhaps wrong Dfun type). Run with full_output = 1 to get quantitative information.
  integral = odeint(self.integrand_delta_phi, 0, f)
Results saved as /work/10000/fairytien33/ls6/lensing_and_precession/data/v2_indiv_mismatch_mcz20_td22ms_I0.6_thetaS1.047_phiS0.785_thetaJ0.524_phiJ1.047_res_omega101_theta401_2025-08-26_16-05-12.pkl
Figure saved as /work/10000/fairytien33/ls6/lensing_and_precession/figures/v2_indiv_mismatch_mcz20_td22ms_I0.6_thetaS1.047_phiS0.785_thetaJ0.524_phiJ1.047_res_omega101_theta401.pdf
Pickle saved as /work/10000/fairytien33/ls6/lensing_and_precession/data/v2_indiv_mismatch_mcz20_td22ms_I0.6_thetaS1.047_phiS0.785_thetaJ0.524_phiJ1.047_res_omega101_theta401_2025-08-26_16-05-12.pkl
Total time to run the script: 0:10:46.61 (h:m:s)
